V3 10
FL /home/jam/Downloads/pulse_project/vhdl_additional/pack_exam.vhd 2015/01/19.14:34:22 P.20131013
PH work/pack_exam 1718278166 \
      FL /home/jam/Downloads/pulse_project/vhdl_additional/pack_exam.vhd \
      PB ieee/std_logic_1164 1381692176
PB work/pack_exam 1718278167 \
      FL /home/jam/Downloads/pulse_project/vhdl_additional/pack_exam.vhd \
      PH work/pack_exam 1718278166
FL /home/jam/Downloads/pulse_project/vhdl_additional/pulse.vhd 2024/06/13.16:25:41 P.20131013
EN work/PULSE 1718278168 \
      FL /home/jam/Downloads/pulse_project/vhdl_additional/pulse.vhd \
      PB ieee/std_logic_1164 1381692176 PB ieee/std_logic_arith 1381692177 \
      PB work/pack_exam 1718278167
AR work/PULSE/ARCH_1 1718278169 \
      FL /home/jam/Downloads/pulse_project/vhdl_additional/pulse.vhd \
      EN work/PULSE 1718278168
AR work/PULSE/ARCH_2 1718278170 \
      FL /home/jam/Downloads/pulse_project/vhdl_additional/pulse.vhd \
      EN work/PULSE 1718278168
FL /home/jam/Downloads/pulse_project/vhdl_additional/top.vhd 2024/06/13.16:18:30 P.20131013
EN work/TOP 1718278171 \
      FL /home/jam/Downloads/pulse_project/vhdl_additional/top.vhd \
      PB ieee/std_logic_1164 1381692176
AR work/TOP/ARCH 1718278172 \
      FL /home/jam/Downloads/pulse_project/vhdl_additional/top.vhd EN work/TOP 1718278171 \
      AR work/PULSE/ARCH_2 1718278170
