EN top NULL /home/jam/Downloads/pulse_project/vhdl_additional/top.vhd sub00/vhpl05 1718278171
AR top arch /home/jam/Downloads/pulse_project/vhdl_additional/top.vhd sub00/vhpl06 1718278172
PB pack_exam pack_exam /home/jam/Downloads/pulse_project/vhdl_additional/pack_exam.vhd sub00/vhpl01 1718278167
AR pulse arch_1 /home/jam/Downloads/pulse_project/vhdl_additional/pulse.vhd sub00/vhpl03 1718278169
AR pulse arch_2 /home/jam/Downloads/pulse_project/vhdl_additional/pulse.vhd sub00/vhpl04 1718278170
PH pack_exam NULL /home/jam/Downloads/pulse_project/vhdl_additional/pack_exam.vhd sub00/vhpl00 1718278166
EN pulse NULL /home/jam/Downloads/pulse_project/vhdl_additional/pulse.vhd sub00/vhpl02 1718278168
